name: Quality checks
on: [push, pull_request]

jobs:
  lint:
    runs-on: ubuntu-latest
    steps:
      - uses: actions/checkout@v4
      - uses: actions-contrib/golangci-lint@v1
        env:
          GO111MODULE: "on"
          GOFLAGS: "-mod=vendor"

  test:
    runs-on: ubuntu-latest
    steps:
    - name: Set up Go
      uses: actions/setup-go@v5
      with:
        go-version-file: 'go.mod'
        check-latest: true
        cache: false

    - name: Check out code into the Go module directory
      uses: actions/checkout@v4

    - name: Test
      run: go test ./...

  build:
    runs-on: ubuntu-latest
    steps:
    - name: Set up Go
      uses: actions/setup-go@v5
      with:
        go-version-file: 'go.mod'
        check-latest: true
        cache: false

    - name: Check out code into the Go module directory
      uses: actions/checkout@v4

    - name: Get dependencies
      run: go get -v -t -d ./...

    - name: Test
      run: go build -v -race ./cmd/template
